WARNING: All log messages before absl::InitializeLog() is called are written to STDERR
I0000 00:00:1787648187.324629   13388 port.cc:153] oneDNN custom operations are on. You may see slightly different numerical results due to floating-point round-off errors from different computation orders. To turn them off, set the environment variable `TF_ENABLE_ONEDNN_OPTS=0`.
WARNING: All log messages before absl::InitializeLog() is called are written to STDERR
I0000 00:00:1787648191.073453   13388 port.cc:153] oneDNN custom operations are on. You may see slightly different numerical results due to floating-point round-off errors from different computation orders. To turn them off, set the environment variable `TF_ENABLE_ONEDNN_OPTS=0`.
======================================================================
WeddingLens - Model Training (Phase 2, Step 2)
======================================================================
Found 824 files belonging to 6 classes.
I0000 00:00:1787648194.973253   13388 cpu_feature_guard.cc:227] This TensorFlow binary is optimized to use available CPU instructions in performance-critical operations.
To enable the following instructions: SSE3 SSE4.1 SSE4.2 AVX AVX2 AVX_VNNI FMA, in other operations, rebuild TensorFlow with the appropriate compiler flags.
Found 178 files belonging to 6 classes.
Detected classes (6): ['boho_chic', 'garden_floral', 'luxury_glamour', 'minimalist_modern', 'rustic_barn', 'traditional_classic']
Model: "functional_1"
+--------------------------------------------------------------------------+
| Layer (type)                    | Output Shape           |       Param # |
|---------------------------------+------------------------+---------------|
| input_layer_1 (InputLayer)      | (None, 300, 300, 3)    |             0 |
|---------------------------------+------------------------+---------------|
| data_augmentation (Sequential)  | (None, 300, 300, 3)    |             0 |
|---------------------------------+------------------------+---------------|
| efficientnetb3 (Functional)     | (None, 10, 10, 1536)   |    10,783,535 |
|---------------------------------+------------------------+---------------|
| global_average_pooling2d        | (None, 1536)           |             0 |
| (GlobalAveragePooling2D)        |                        |               |
|---------------------------------+------------------------+---------------|
| dropout (Dropout)               | (None, 1536)           |             0 |
|---------------------------------+------------------------+---------------|
| dense (Dense)                   | (None, 6)              |         9,222 |
+--------------------------------------------------------------------------+
 Total params: 10,792,757 (41.17 MB)
 Trainable params: 9,222 (36.02 KB)
 Non-trainable params: 10,783,535 (41.14 MB)
WARNING:tensorflow:TensorFlow GPU support is not available on native Windows for TensorFlow >= 2.11. Even if CUDA/cuDNN are installed, GPU will not be used. Please use WSL2 or the TensorFlow-DirectML plugin.
C:\Users\SASANDINIE\OneDrive\Desktop\WeddingLens\ml-service\venv\Lib\site-packages\keras\src\trainers\epoch_iterator.py:74: UserWarning: `shuffle=True` was passed, but will be ignored since the data `x` was provided as a tf.data.Dataset. The Dataset is expected to already be shuffled (via `.shuffle(buffer_size)`).
  self.data_adapter = data_adapters.get_data_adapter(

--- Phase A: training classification head (base model frozen) ---
Epoch 1/15

[1m 1/26[0m [37m====================[0m [1m21:23[0m 51s/step - accuracy: 0.2188 - loss: 1.8887
[1m 2/26[0m [32m=[0m[37m===================[0m [1m1:24[0m 4s/step - accuracy: 0.1562 - loss: 1.9596  
[1m 3/26[0m [32m==[0m[37m==================[0m [1m1:20[0m 3s/step - accuracy: 0.1875 - loss: 1.8862
[1m 4/26[0m [32m===[0m[37m=================[0m [1m1:17[0m 4s/step - accuracy: 0.1797 - loss: 1.8777
[1m 5/26[0m [32m===[0m[37m=================[0m [1m1:12[0m 3s/step - accuracy: 0.1875 - loss: 1.8389
[1m 6/26[0m [32m====[0m[37m================[0m [1m1:08[0m 3s/step - accuracy: 0.1823 - loss: 1.8648
[1m 7/26[0m [32m=====[0m[37m===============[0m [1m1:04[0m 3s/step - accuracy: 0.1786 - loss: 1.8821
[1m 8/26[0m [32m======[0m[37m==============[0m [1m1:00[0m 3s/step - accuracy: 0.1758 - loss: 1.8848
[1m 9/26[0m [32m======[0m[37m==============[0m [1m56s[0m 3s/step - accuracy: 0.1736 - loss: 1.8772 
[1m10/26[0m [32m=======[0m[37m=============[0m [1m52s[0m 3s/step - accuracy: 0.1688 - loss: 1.8815
[1m11/26[0m [32m========[0m[37m============[0m [1m49s[0m 3s/step - accuracy: 0.1818 - loss: 1.8618
[1m12/26[0m [32m=========[0m[37m===========[0m [1m45s[0m 3s/step - accuracy: 0.1797 - loss: 1.8784
[1m13/26[0m [32m==========[0m[37m==========[0m [1m42s[0m 3s/step - accuracy: 0.1827 - loss: 1.8786
[1m14/26[0m [32m==========[0m[37m==========[0m [1m38s[0m 3s/step - accuracy: 0.1875 - loss: 1.8782
[1m15/26[0m [32m===========[0m[37m=========[0m [1m35s[0m 3s/step - accuracy: 0.1854 - loss: 1.8784
[1m16/26[0m [32m============[0m[37m========[0m [1m32s[0m 3s/step - accuracy: 0.1797 - loss: 1.8880
[1m17/26[0m [32m=============[0m[37m=======[0m [1m29s[0m 3s/step - accuracy: 0.1746 - loss: 1.8891
[1m18/26[0m [32m=============[0m[37m=======[0m [1m25s[0m 3s/step - accuracy: 0.1736 - loss: 1.8836
[1m19/26[0m [32m==============[0m[37m======[0m [1m22s[0m 3s/step - accuracy: 0.1760 - loss: 1.8864
[1m20/26[0m [32m===============[0m[37m=====[0m [1m19s[0m 3s/step - accuracy: 0.1781 - loss: 1.8909
[1m21/26[0m [32m================[0m[37m====[0m [1m16s[0m 3s/step - accuracy: 0.1771 - loss: 1.8903
[1m22/26[0m [32m================[0m[37m====[0m [1m12s[0m 3s/step - accuracy: 0.1790 - loss: 1.8905
[1m23/26[0m [32m=================[0m[37m===[0m [1m9s[0m 3s/step - accuracy: 0.1793 - loss: 1.8928 
[1m24/26[0m [32m==================[0m[37m==[0m [1m6s[0m 3s/step - accuracy: 0.1836 - loss: 1.8865
[1m25/26[0m [32m===================[0m[37m=[0m [1m3s[0m 3s/step - accuracy: 0.1813 - loss: 1.8932
[1m26/26[0m [32m====================[0m[37m[0m [1m0s[0m 3s/step - accuracy: 0.1833 - loss: 1.8885
[1m26/26[0m [32m====================[0m[37m[0m [1m159s[0m 4s/step - accuracy: 0.1833 - loss: 1.8885 - val_accuracy: 0.2079 - val_loss: 1.8339 - learning_rate: 1.0000e-04
Epoch 2/15

[1m 1/26[0m [37m====================[0m [1m13:58[0m 34s/step - accuracy: 0.3750 - loss: 1.6386
[1m 2/26[0m [32m=[0m[37m===================[0m [1m1:15[0m 3s/step - accuracy: 0.3281 - loss: 1.7379  
[1m 3/26[0m [32m==[0m[37m==================[0m [1m1:11[0m 3s/step - accuracy: 0.3125 - loss: 1.7948
[1m 4/26[0m [32m===[0m[37m=================[0m [1m1:08[0m 3s/step - accuracy: 0.2969 - loss: 1.7958
[1m 5/26[0m [32m===[0m[37m=================[0m [1m1:05[0m 3s/step - accuracy: 0.2937 - loss: 1.7715
[1m 6/26[0m [32m====[0m[37m================[0m [1m1:02[0m 3s/step - accuracy: 0.3021 - loss: 1.7567
[1m 7/26[0m [32m=====[0m[37m===============[0m [1m59s[0m 3s/step - accuracy: 0.2768 - loss: 1.7659 
[1m 8/26[0m [32m======[0m[37m==============[0m [1m56s[0m 3s/step - accuracy: 0.2578 - loss: 1.7958
[1m 9/26[0m [32m======[0m[37m==============[0m [1m53s[0m 3s/step - accuracy: 0.2500 - loss: 1.8023
[1m10/26[0m [32m=======[0m[37m=============[0m [1m50s[0m 3s/step - accuracy: 0.2500 - loss: 1.8020
[1m11/26[0m [32m========[0m[37m============[0m [1m46s[0m 3s/step - accuracy: 0.2415 - loss: 1.8151
[1m12/26[0m [32m=========[0m[37m===========[0m [1m43s[0m 3s/step - accuracy: 0.2370 - loss: 1.8122
[1m13/26[0m [32m==========[0m[37m==========[0m [1m40s[0m 3s/step - accuracy: 0.2332 - loss: 1.8143
[1m14/26[0m [32m==========[0m[37m==========[0m [1m37s[0m 3s/step - accuracy: 0.2299 - loss: 1.8112
[1m15/26[0m [32m===========[0m[37m=========[0m [1m34s[0m 3s/step - accuracy: 0.2292 - loss: 1.8174
[1m16/26[0m [32m============[0m[37m========[0m [1m31s[0m 3s/step - accuracy: 0.2344 - loss: 1.8156
[1m17/26[0m [32m=============[0m[37m=======[0m [1m28s[0m 3s/step - accuracy: 0.2390 - loss: 1.8183
[1m18/26[0m [32m=============[0m[37m=======[0m [1m25s[0m 3s/step - accuracy: 0.2396 - loss: 1.8175
[1m19/26[0m [32m==============[0m[37m======[0m [1m21s[0m 3s/step - accuracy: 0.2352 - loss: 1.8182
[1m20/26[0m [32m===============[0m[37m=====[0m [1m18s[0m 3s/step - accuracy: 0.2391 - loss: 1.8141
[1m21/26[0m [32m================[0m[37m====[0m [1m15s[0m 3s/step - accuracy: 0.2411 - loss: 1.8079
[1m22/26[0m [32m================[0m[37m====[0m [1m12s[0m 3s/step - accuracy: 0.2401 - loss: 1.8094
[1m23/26[0m [32m=================[0m[37m===[0m [1m9s[0m 3s/step - accuracy: 0.2432 - loss: 1.8083 
[1m24/26[0m [32m==================[0m[37m==[0m [1m6s[0m 3s/step - accuracy: 0.2474 - loss: 1.8006
[1m25/26[0m [32m===================[0m[37m=[0m [1m3s[0m 3s/step - accuracy: 0.2562 - loss: 1.7913
[1m26/26[0m [32m====================[0m[37m[0m [1m0s[0m 3s/step - accuracy: 0.2536 - loss: 1.7928
[1m26/26[0m [32m====================[0m[37m[0m [1m130s[0m 4s/step - accuracy: 0.2536 - loss: 1.7928 - val_accuracy: 0.2528 - val_loss: 1.7862 - learning_rate: 1.0000e-04
Epoch 3/15

[1m 1/26[0m [37m====================[0m [1m18:25[0m 44s/step - accuracy: 0.2812 - loss: 1.7736
[1m 2/26[0m [32m=[0m[37m===================[0m [1m40s[0m 2s/step - accuracy: 0.2500 - loss: 1.7722   
[1m 3/26[0m [32m==[0m[37m==================[0m [1m39s[0m 2s/step - accuracy: 0.2708 - loss: 1.7681
[1m 4/26[0m [32m===[0m[37m=================[0m [1m39s[0m 2s/step - accuracy: 0.2500 - loss: 1.7806
[1m 5/26[0m [32m===[0m[37m=================[0m [1m37s[0m 2s/step - accuracy: 0.2562 - loss: 1.7749
[1m 6/26[0m [32m====[0m[37m================[0m [1m35s[0m 2s/step - accuracy: 0.2760 - loss: 1.7584
[1m 7/26[0m [32m=====[0m[37m===============[0m [1m33s[0m 2s/step - accuracy: 0.2768 - loss: 1.7584
[1m 8/26[0m [32m======[0m[37m==============[0m [1m32s[0m 2s/step - accuracy: 0.2734 - loss: 1.7582
[1m 9/26[0m [32m======[0m[37m==============[0m [1m30s[0m 2s/step - accuracy: 0.2743 - loss: 1.7556
[1m10/26[0m [32m=======[0m[37m=============[0m [1m28s[0m 2s/step - accuracy: 0.2656 - loss: 1.7710
[1m11/26[0m [32m========[0m[37m============[0m [1m26s[0m 2s/step - accuracy: 0.2727 - loss: 1.7584
[1m12/26[0m [32m=========[0m[37m===========[0m [1m25s[0m 2s/step - accuracy: 0.2734 - loss: 1.7483
[1m13/26[0m [32m==========[0m[37m==========[0m [1m23s[0m 2s/step - accuracy: 0.2740 - loss: 1.7510
[1m14/26[0m [32m==========[0m[37m==========[0m [1m22s[0m 2s/step - accuracy: 0.2812 - loss: 1.7486
[1m15/26[0m [32m===========[0m[37m=========[0m [1m20s[0m 2s/step - accuracy: 0.2750 - loss: 1.7582
[1m16/26[0m [32m============[0m[37m========[0m [1m18s[0m 2s/step - accuracy: 0.2715 - loss: 1.7604
[1m17/26[0m [32m=============[0m[37m=======[0m [1m17s[0m 2s/step - accuracy: 0.2684 - loss: 1.7641
[1m18/26[0m [32m=============[0m[37m=======[0m [1m15s[0m 2s/step - accuracy: 0.2674 - loss: 1.7625
[1m19/26[0m [32m==============[0m[37m======[0m [1m13s[0m 2s/step - accuracy: 0.2615 - loss: 1.7631
[1m20/26[0m [32m===============[0m[37m=====[0m [1m11s[0m 2s/step - accuracy: 0.2594 - loss: 1.7696
[1m21/26[0m [32m================[0m[37m====[0m [1m9s[0m 2s/step - accuracy: 0.2604 - loss: 1.7741 
[1m22/26[0m [32m================[0m[37m====[0m [1m7s[0m 2s/step - accuracy: 0.2599 - loss: 1.7691
[1m23/26[0m [32m=================[0m[37m===[0m [1m5s[0m 2s/step - accuracy: 0.2649 - loss: 1.7681
[1m24/26[0m [32m==================[0m[37m==[0m [1m3s[0m 2s/step - accuracy: 0.2643 - loss: 1.7646
[1m25/26[0m [32m===================[0m[37m=[0m [1m1s[0m 2s/step - accuracy: 0.2675 - loss: 1.7578
[1m26/26[0m [32m====================[0m[37m[0m [1m0s[0m 2s/step - accuracy: 0.2718 - loss: 1.7519
[1m26/26[0m [32m====================[0m[37m[0m [1m111s[0m 3s/step - accuracy: 0.2718 - loss: 1.7519 - val_accuracy: 0.2753 - val_loss: 1.7450 - learning_rate: 1.0000e-04
Epoch 4/15

[1m 1/26[0m [37m====================[0m [1m6:45[0m 16s/step - accuracy: 0.2188 - loss: 1.6601
[1m 2/26[0m [32m=[0m[37m===================[0m [1m47s[0m 2s/step - accuracy: 0.2656 - loss: 1.6720  
[1m 3/26[0m [32m==[0m[37m==================[0m [1m46s[0m 2s/step - accuracy: 0.2604 - loss: 1.6614
[1m 4/26[0m [32m===[0m[37m=================[0m [1m43s[0m 2s/step - accuracy: 0.2500 - loss: 1.7121
[1m 5/26[0m [32m===[0m[37m=================[0m [1m40s[0m 2s/step - accuracy: 0.2750 - loss: 1.6968
[1m 6/26[0m [32m====[0m[37m================[0m [1m38s[0m 2s/step - accuracy: 0.2708 - loss: 1.7129
[1m 7/26[0m [32m=====[0m[37m===============[0m [1m36s[0m 2s/step - accuracy: 0.2545 - loss: 1.7339
[1m 8/26[0m [32m======[0m[37m==============[0m [1m34s[0m 2s/step - accuracy: 0.2461 - loss: 1.7171
[1m 9/26[0m [32m======[0m[37m==============[0m [1m31s[0m 2s/step - accuracy: 0.2465 - loss: 1.7180
[1m10/26[0m [32m=======[0m[37m=============[0m [1m29s[0m 2s/step - accuracy: 0.2438 - loss: 1.7274
[1m11/26[0m [32m========[0m[37m============[0m [1m28s[0m 2s/step - accuracy: 0.2443 - loss: 1.7194
[1m12/26[0m [32m=========[0m[37m===========[0m [1m26s[0m 2s/step - accuracy: 0.2474 - loss: 1.7202
[1m13/26[0m [32m==========[0m[37m==========[0m [1m24s[0m 2s/step - accuracy: 0.2524 - loss: 1.7175
[1m14/26[0m [32m==========[0m[37m==========[0m [1m23s[0m 2s/step - accuracy: 0.2545 - loss: 1.7184
[1m15/26[0m [32m===========[0m[37m=========[0m [1m21s[0m 2s/step - accuracy: 0.2542 - loss: 1.7195
[1m16/26[0m [32m============[0m[37m========[0m [1m19s[0m 2s/step - accuracy: 0.2578 - loss: 1.7168
[1m17/26[0m [32m=============[0m[37m=======[0m [1m17s[0m 2s/step - accuracy: 0.2592 - loss: 1.7180
[1m18/26[0m [32m=============[0m[37m=======[0m [1m15s[0m 2s/step - accuracy: 0.2552 - loss: 1.7246
[1m19/26[0m [32m==============[0m[37m======[0m [1m13s[0m 2s/step - accuracy: 0.2566 - loss: 1.7261
[1m20/26[0m [32m===============[0m[37m=====[0m [1m11s[0m 2s/step - accuracy: 0.2625 - loss: 1.7253
[1m21/26[0m [32m================[0m[37m====[0m [1m9s[0m 2s/step - accuracy: 0.2634 - loss: 1.7243 
[1m22/26[0m [32m================[0m[37m====[0m [1m7s[0m 2s/step - accuracy: 0.2599 - loss: 1.7274
[1m23/26[0m [32m=================[0m[37m===[0m [1m5s[0m 2s/step - accuracy: 0.2636 - loss: 1.7216
[1m24/26[0m [32m==================[0m[37m==[0m [1m3s[0m 2s/step - accuracy: 0.2721 - loss: 1.7175
[1m25/26[0m [32m===================[0m[37m=[0m [1m1s[0m 2s/step - accuracy: 0.2788 - loss: 1.7114
[1m26/26[0m [32m====================[0m[37m[0m [1m0s[0m 2s/step - accuracy: 0.2779 - loss: 1.7125
[1m26/26[0m [32m====================[0m[37m[0m [1m77s[0m 2s/step - accuracy: 0.2779 - loss: 1.7125 - val_accuracy: 0.3034 - val_loss: 1.7067 - learning_rate: 1.0000e-04
Epoch 5/15

[1m 1/26[0m [37m====================[0m [1m49s[0m 2s/step - accuracy: 0.2812 - loss: 1.6295
[1m 2/26[0m [32m=[0m[37m===================[0m [1m46s[0m 2s/step - accuracy: 0.3594 - loss: 1.6344
[1m 3/26[0m [32m==[0m[37m==================[0m [1m44s[0m 2s/step - accuracy: 0.4167 - loss: 1.6174
[1m 4/26[0m [32m===[0m[37m=================[0m [1m42s[0m 2s/step - accuracy: 0.3828 - loss: 1.6510
[1m 5/26[0m [32m===[0m[37m=================[0m [1m40s[0m 2s/step - accuracy: 0.3875 - loss: 1.6282
[1m 6/26[0m [32m====[0m[37m================[0m [1m38s[0m 2s/step - accuracy: 0.3750 - loss: 1.6409
[1m 7/26[0m [32m=====[0m[37m===============[0m [1m36s[0m 2s/step - accuracy: 0.3705 - loss: 1.6455
[1m 8/26[0m [32m======[0m[37m==============[0m [1m34s[0m 2s/step - accuracy: 0.3711 - loss: 1.6430
[1m 9/26[0m [32m======[0m[37m==============[0m [1m32s[0m 2s/step - accuracy: 0.3750 - loss: 1.6379
[1m10/26[0m [32m=======[0m[37m=============[0m [1m30s[0m 2s/step - accuracy: 0.3719 - loss: 1.6408
[1m11/26[0m [32m========[0m[37m============[0m [1m28s[0m 2s/step - accuracy: 0.3750 - loss: 1.6351
[1m12/26[0m [32m=========[0m[37m===========[0m [1m26s[0m 2s/step - accuracy: 0.3750 - loss: 1.6371
[1m13/26[0m [32m==========[0m[37m==========[0m [1m24s[0m 2s/step - accuracy: 0.3774 - loss: 1.6351
[1m14/26[0m [32m==========[0m[37m==========[0m [1m22s[0m 2s/step - accuracy: 0.3705 - loss: 1.6362
[1m15/26[0m [32m===========[0m[37m=========[0m [1m20s[0m 2s/step - accuracy: 0.3708 - loss: 1.6328
[1m16/26[0m [32m============[0m[37m========[0m [1m19s[0m 2s/step - accuracy: 0.3750 - loss: 1.6335
[1m17/26[0m [32m=============[0m[37m=======[0m [1m17s[0m 2s/step - accuracy: 0.3695 - loss: 1.6366
[1m18/26[0m [32m=============[0m[37m=======[0m [1m15s[0m 2s/step - accuracy: 0.3698 - loss: 1.6370
[1m19/26[0m [32m==============[0m[37m======[0m [1m13s[0m 2s/step - accuracy: 0.3734 - loss: 1.6338
[1m20/26[0m [32m===============[0m[37m=====[0m [1m11s[0m 2s/step - accuracy: 0.3734 - loss: 1.6318
[1m21/26[0m [32m================[0m[37m====[0m [1m9s[0m 2s/step - accuracy: 0.3765 - loss: 1.6282 
[1m22/26[0m [32m================[0m[37m====[0m [1m7s[0m 2s/step - accuracy: 0.3793 - loss: 1.6223
[1m23/26[0m [32m=================[0m[37m===[0m [1m5s[0m 2s/step - accuracy: 0.3777 - loss: 1.6222
[1m24/26[0m [32m==================[0m[37m==[0m [1m3s[0m 2s/step - accuracy: 0.3776 - loss: 1.6265
[1m25/26[0m [32m===================[0m[37m=[0m [1m1s[0m 2s/step - accuracy: 0.3725 - loss: 1.6298
[1m26/26[0m [32m====================[0m[37m[0m [1m0s[0m 2s/step - accuracy: 0.3689 - loss: 1.6318
[1m26/26[0m [32m====================[0m[37m[0m [1m59s[0m 2s/step - accuracy: 0.3689 - loss: 1.6318 - val_accuracy: 0.3371 - val_loss: 1.6731 - learning_rate: 1.0000e-04
Epoch 6/15

[1m 1/26[0m [37m====================[0m [1m48s[0m 2s/step - accuracy: 0.2500 - loss: 1.8340
[1m 2/26[0m [32m=[0m[37m===================[0m [1m44s[0m 2s/step - accuracy: 0.2969 - loss: 1.7592
[1m 3/26[0m [32m==[0m[37m==================[0m [1m43s[0m 2s/step - accuracy: 0.3229 - loss: 1.7296
[1m 4/26[0m [32m===[0m[37m=================[0m [1m41s[0m 2s/step - accuracy: 0.3125 - loss: 1.7306
[1m 5/26[0m [32m===[0m[37m=================[0m [1m39s[0m 2s/step - accuracy: 0.3125 - loss: 1.7216
[1m 6/26[0m [32m====[0m[37m================[0m [1m37s[0m 2s/step - accuracy: 0.3073 - loss: 1.6972
[1m 7/26[0m [32m=====[0m[37m===============[0m [1m35s[0m 2s/step - accuracy: 0.3214 - loss: 1.6741
[1m 8/26[0m [32m======[0m[37m==============[0m [1m33s[0m 2s/step - accuracy: 0.3320 - loss: 1.6561
[1m 9/26[0m [32m======[0m[37m==============[0m [1m31s[0m 2s/step - accuracy: 0.3403 - loss: 1.6474
[1m10/26[0m [32m=======[0m[37m=============[0m [1m30s[0m 2s/step - accuracy: 0.3344 - loss: 1.6523
[1m11/26[0m [32m========[0m[37m============[0m [1m28s[0m 2s/step - accuracy: 0.3466 - loss: 1.6340
[1m12/26[0m [32m=========[0m[37m===========[0m [1m26s[0m 2s/step - accuracy: 0.3542 - loss: 1.6288
[1m13/26[0m [32m==========[0m[37m==========[0m [1m24s[0m 2s/step - accuracy: 0.3510 - loss: 1.6306
[1m14/26[0m [32m==========[0m[37m==========[0m [1m22s[0m 2s/step - accuracy: 0.3460 - loss: 1.6363
[1m15/26[0m [32m===========[0m[37m=========[0m [1m20s[0m 2s/step - accuracy: 0.3438 - loss: 1.6319
[1m16/26[0m [32m============[0m[37m========[0m [1m18s[0m 2s/step - accuracy: 0.3418 - loss: 1.6346
[1m17/26[0m [32m=============[0m[37m=======[0m [1m16s[0m 2s/step - accuracy: 0.3474 - loss: 1.6287
[1m18/26[0m [32m=============[0m[37m=======[0m [1m14s[0m 2s/step - accuracy: 0.3507 - loss: 1.6227
[1m19/26[0m [32m==============[0m[37m======[0m [1m13s[0m 2s/step - accuracy: 0.3569 - loss: 1.6141
[1m20/26[0m [32m===============[0m[37m=====[0m [1m11s[0m 2s/step - accuracy: 0.3547 - loss: 1.6189
[1m21/26[0m [32m================[0m[37m====[0m [1m9s[0m 2s/step - accuracy: 0.3616 - loss: 1.6135 
[1m22/26[0m [32m================[0m[37m====[0m [1m7s[0m 2s/step - accuracy: 0.3565 - loss: 1.6131
[1m23/26[0m [32m=================[0m[37m===[0m [1m5s[0m 2s/step - accuracy: 0.3601 - loss: 1.6102
[1m24/26[0m [32m==================[0m[37m==[0m [1m3s[0m 2s/step - accuracy: 0.3685 - loss: 1.6033
[1m25/26[0m [32m===================[0m[37m=[0m [1m1s[0m 2s/step - accuracy: 0.3675 - loss: 1.6076
[1m26/26[0m [32m====================[0m[37m[0m [1m0s[0m 2s/step - accuracy: 0.3701 - loss: 1.6052
[1m26/26[0m [32m====================[0m[37m[0m [1m58s[0m 2s/step - accuracy: 0.3701 - loss: 1.6052 - val_accuracy: 0.3652 - val_loss: 1.6417 - learning_rate: 1.0000e-04
Epoch 7/15

[1m 1/26[0m [37m====================[0m [1m48s[0m 2s/step - accuracy: 0.5312 - loss: 1.5064
[1m 2/26[0m [32m=[0m[37m===================[0m [1m45s[0m 2s/step - accuracy: 0.4375 - loss: 1.6343
[1m 3/26[0m [32m==[0m[37m==================[0m [1m43s[0m 2s/step - accuracy: 0.4062 - loss: 1.6174
[1m 4/26[0m [32m===[0m[37m=================[0m [1m42s[0m 2s/step - accuracy: 0.3906 - loss: 1.6111
[1m 5/26[0m [32m===[0m[37m=================[0m [1m40s[0m 2s/step - accuracy: 0.4000 - loss: 1.6011
[1m 6/26[0m [32m====[0m[37m================[0m [1m38s[0m 2s/step - accuracy: 0.3646 - loss: 1.6248
[1m 7/26[0m [32m=====[0m[37m===============[0m [1m36s[0m 2s/step - accuracy: 0.3661 - loss: 1.6199
[1m 8/26[0m [32m======[0m[37m==============[0m [1m34s[0m 2s/step - accuracy: 0.3594 - loss: 1.6326
[1m 9/26[0m [32m======[0m[37m==============[0m [1m32s[0m 2s/step - accuracy: 0.3646 - loss: 1.6295
[1m10/26[0m [32m=======[0m[37m=============[0m [1m30s[0m 2s/step - accuracy: 0.3750 - loss: 1.6093
[1m11/26[0m [32m========[0m[37m============[0m [1m28s[0m 2s/step - accuracy: 0.3835 - loss: 1.5981
[1m12/26[0m [32m=========[0m[37m===========[0m [1m26s[0m 2s/step - accuracy: 0.3776 - loss: 1.6052
[1m13/26[0m [32m==========[0m[37m==========[0m [1m24s[0m 2s/step - accuracy: 0.3750 - loss: 1.6000
[1m14/26[0m [32m==========[0m[37m==========[0m [1m22s[0m 2s/step - accuracy: 0.3795 - loss: 1.6058
[1m15/26[0m [32m===========[0m[37m=========[0m [1m20s[0m 2s/step - accuracy: 0.3833 - loss: 1.6022
[1m16/26[0m [32m============[0m[37m========[0m [1m18s[0m 2s/step - accuracy: 0.3848 - loss: 1.6041
[1m17/26[0m [32m=============[0m[37m=======[0m [1m16s[0m 2s/step - accuracy: 0.3879 - loss: 1.6012
[1m18/26[0m [32m=============[0m[37m=======[0m [1m14s[0m 2s/step - accuracy: 0.3872 - loss: 1.6053
[1m19/26[0m [32m==============[0m[37m======[0m [1m13s[0m 2s/step - accuracy: 0.3849 - loss: 1.6085
[1m20/26[0m [32m===============[0m[37m=====[0m [1m11s[0m 2s/step - accuracy: 0.3844 - loss: 1.6120
[1m21/26[0m [32m================[0m[37m====[0m [1m9s[0m 2s/step - accuracy: 0.3943 - loss: 1.6014 
[1m22/26[0m [32m================[0m[37m====[0m [1m7s[0m 2s/step - accuracy: 0.3963 - loss: 1.5954
[1m23/26[0m [32m=================[0m[37m===[0m [1m5s[0m 2s/step - accuracy: 0.3981 - loss: 1.5883
[1m24/26[0m [32m==================[0m[37m==[0m [1m3s[0m 2s/step - accuracy: 0.3984 - loss: 1.5863
[1m25/26[0m [32m===================[0m[37m=[0m [1m1s[0m 2s/step - accuracy: 0.4013 - loss: 1.5806
[1m26/26[0m [32m====================[0m[37m[0m [1m0s[0m 2s/step - accuracy: 0.4041 - loss: 1.5789
[1m26/26[0m [32m====================[0m[37m[0m [1m58s[0m 2s/step - accuracy: 0.4041 - loss: 1.5789 - val_accuracy: 0.3764 - val_loss: 1.6130 - learning_rate: 1.0000e-04
Epoch 8/15

[1m 1/26[0m [37m====================[0m [1m49s[0m 2s/step - accuracy: 0.5312 - loss: 1.4518
[1m 2/26[0m [32m=[0m[37m===================[0m [1m45s[0m 2s/step - accuracy: 0.5469 - loss: 1.4493
[1m 3/26[0m [32m==[0m[37m==================[0m [1m43s[0m 2s/step - accuracy: 0.4688 - loss: 1.4966
[1m 4/26[0m [32m===[0m[37m=================[0m [1m42s[0m 2s/step - accuracy: 0.4531 - loss: 1.5290
[1m 5/26[0m [32m===[0m[37m=================[0m [1m40s[0m 2s/step - accuracy: 0.4375 - loss: 1.5204
[1m 6/26[0m [32m====[0m[37m================[0m [1m39s[0m 2s/step - accuracy: 0.4479 - loss: 1.5120
[1m 7/26[0m [32m=====[0m[37m===============[0m [1m37s[0m 2s/step - accuracy: 0.4598 - loss: 1.4981
[1m 8/26[0m [32m======[0m[37m==============[0m [1m36s[0m 2s/step - accuracy: 0.4688 - loss: 1.4958
[1m 9/26[0m [32m======[0m[37m==============[0m [1m33s[0m 2s/step - accuracy: 0.4549 - loss: 1.5112
[1m10/26[0m [32m=======[0m[37m=============[0m [1m31s[0m 2s/step - accuracy: 0.4437 - loss: 1.5313
[1m11/26[0m [32m========[0m[37m============[0m [1m29s[0m 2s/step - accuracy: 0.4460 - loss: 1.5346
[1m12/26[0m [32m=========[0m[37m===========[0m [1m27s[0m 2s/step - accuracy: 0.4609 - loss: 1.5258
[1m13/26[0m [32m==========[0m[37m==========[0m [1m25s[0m 2s/step - accuracy: 0.4567 - loss: 1.5276
[1m14/26[0m [32m==========[0m[37m==========[0m [1m23s[0m 2s/step - accuracy: 0.4531 - loss: 1.5317
[1m15/26[0m [32m===========[0m[37m=========[0m [1m21s[0m 2s/step - accuracy: 0.4458 - loss: 1.5383
[1m16/26[0m [32m============[0m[37m========[0m [1m19s[0m 2s/step - accuracy: 0.4453 - loss: 1.5411
[1m17/26[0m [32m=============[0m[37m=======[0m [1m17s[0m 2s/step - accuracy: 0.4467 - loss: 1.5383
[1m18/26[0m [32m=============[0m[37m=======[0m [1m15s[0m 2s/step - accuracy: 0.4531 - loss: 1.5283
[1m19/26[0m [32m==============[0m[37m======[0m [1m13s[0m 2s/step - accuracy: 0.4539 - loss: 1.5195
[1m20/26[0m [32m===============[0m[37m=====[0m [1m11s[0m 2s/step - accuracy: 0.4484 - loss: 1.5203
[1m21/26[0m [32m================[0m[37m====[0m [1m9s[0m 2s/step - accuracy: 0.4509 - loss: 1.5227 
[1m22/26[0m [32m================[0m[37m====[0m [1m7s[0m 2s/step - accuracy: 0.4517 - loss: 1.5200
[1m23/26[0m [32m=================[0m[37m===[0m [1m5s[0m 2s/step - accuracy: 0.4579 - loss: 1.5122
[1m24/26[0m [32m==================[0m[37m==[0m [1m3s[0m 2s/step - accuracy: 0.4557 - loss: 1.5150
[1m25/26[0m [32m===================[0m[37m=[0m [1m1s[0m 2s/step - accuracy: 0.4512 - loss: 1.5186
[1m26/26[0m [32m====================[0m[37m[0m [1m0s[0m 2s/step - accuracy: 0.4527 - loss: 1.5192
[1m26/26[0m [32m====================[0m[37m[0m [1m60s[0m 2s/step - accuracy: 0.4527 - loss: 1.5192 - val_accuracy: 0.3989 - val_loss: 1.5854 - learning_rate: 1.0000e-04
Epoch 9/15

[1m 1/26[0m [37m====================[0m [1m49s[0m 2s/step - accuracy: 0.3750 - loss: 1.5023
[1m 2/26[0m [32m=[0m[37m===================[0m [1m46s[0m 2s/step - accuracy: 0.4062 - loss: 1.5423
[1m 3/26[0m [32m==[0m[37m==================[0m [1m44s[0m 2s/step - accuracy: 0.4479 - loss: 1.4719
[1m 4/26[0m [32m===[0m[37m=================[0m [1m42s[0m 2s/step - accuracy: 0.4531 - loss: 1.4636
[1m 5/26[0m [32m===[0m[37m=================[0m [1m40s[0m 2s/step - accuracy: 0.4688 - loss: 1.4335
[1m 6/26[0m [32m====[0m[37m================[0m [1m38s[0m 2s/step - accuracy: 0.4792 - loss: 1.4336
[1m 7/26[0m [32m=====[0m[37m===============[0m [1m36s[0m 2s/step - accuracy: 0.4688 - loss: 1.4463
[1m 8/26[0m [32m======[0m[37m==============[0m [1m34s[0m 2s/step - accuracy: 0.4570 - loss: 1.4678
[1m 9/26[0m [32m======[0m[37m==============[0m [1m32s[0m 2s/step - accuracy: 0.4444 - loss: 1.4851
[1m10/26[0m [32m=======[0m[37m=============[0m [1m30s[0m 2s/step - accuracy: 0.4375 - loss: 1.4879
[1m11/26[0m [32m========[0m[37m============[0m [1m28s[0m 2s/step - accuracy: 0.4517 - loss: 1.4828
[1m12/26[0m [32m=========[0m[37m===========[0m [1m26s[0m 2s/step - accuracy: 0.4531 - loss: 1.4792
[1m13/26[0m [32m==========[0m[37m==========[0m [1m24s[0m 2s/step - accuracy: 0.4495 - loss: 1.4894
[1m14/26[0m [32m==========[0m[37m==========[0m [1m22s[0m 2s/step - accuracy: 0.4420 - loss: 1.4935
[1m15/26[0m [32m===========[0m[37m=========[0m [1m20s[0m 2s/step - accuracy: 0.4458 - loss: 1.4969
[1m16/26[0m [32m============[0m[37m========[0m [1m19s[0m 2s/step - accuracy: 0.4551 - loss: 1.4851
[1m17/26[0m [32m=============[0m[37m=======[0m [1m17s[0m 2s/step - accuracy: 0.4485 - loss: 1.4925
[1m18/26[0m [32m=============[0m[37m=======[0m [1m15s[0m 2s/step - accuracy: 0.4514 - loss: 1.4902
[1m19/26[0m [32m==============[0m[37m======[0m [1m13s[0m 2s/step - accuracy: 0.4490 - loss: 1.4931
[1m20/26[0m [32m===============[0m[37m=====[0m [1m11s[0m 2s/step - accuracy: 0.4484 - loss: 1.4985
[1m21/26[0m [32m================[0m[37m====[0m [1m9s[0m 2s/step - accuracy: 0.4449 - loss: 1.5041 
[1m22/26[0m [32m================[0m[37m====[0m [1m7s[0m 2s/step - accuracy: 0.4446 - loss: 1.5006
[1m23/26[0m [32m=================[0m[37m===[0m [1m5s[0m 2s/step - accuracy: 0.4443 - loss: 1.4980
[1m24/26[0m [32m==================[0m[37m==[0m [1m3s[0m 2s/step - accuracy: 0.4414 - loss: 1.5019
[1m25/26[0m [32m===================[0m[37m=[0m [1m1s[0m 2s/step - accuracy: 0.4437 - loss: 1.5026
[1m26/26[0m [32m====================[0m[37m[0m [1m0s[0m 2s/step - accuracy: 0.4478 - loss: 1.4991
[1m26/26[0m [32m====================[0m[37m[0m [1m59s[0m 2s/step - accuracy: 0.4478 - loss: 1.4991 - val_accuracy: 0.4101 - val_loss: 1.5598 - learning_rate: 1.0000e-04
Epoch 10/15

[1m 1/26[0m [37m====================[0m [1m48s[0m 2s/step - accuracy: 0.4688 - loss: 1.5190
[1m 2/26[0m [32m=[0m[37m===================[0m [1m45s[0m 2s/step - accuracy: 0.4844 - loss: 1.5088
[1m 3/26[0m [32m==[0m[37m==================[0m [1m43s[0m 2s/step - accuracy: 0.4896 - loss: 1.4624
[1m 4/26[0m [32m===[0m[37m=================[0m [1m41s[0m 2s/step - accuracy: 0.5000 - loss: 1.4434
[1m 5/26[0m [32m===[0m[37m=================[0m [1m39s[0m 2s/step - accuracy: 0.4812 - loss: 1.4675
[1m 6/26[0m [32m====[0m[37m================[0m [1m38s[0m 2s/step - accuracy: 0.4740 - loss: 1.4792
[1m 7/26[0m [32m=====[0m[37m===============[0m [1m36s[0m 2s/step - accuracy: 0.4732 - loss: 1.4873
[1m 8/26[0m [32m======[0m[37m==============[0m [1m34s[0m 2s/step - accuracy: 0.4766 - loss: 1.4863
[1m 9/26[0m [32m======[0m[37m==============[0m [1m32s[0m 2s/step - accuracy: 0.4514 - loss: 1.4904
[1m10/26[0m [32m=======[0m[37m=============[0m [1m30s[0m 2s/step - accuracy: 0.4531 - loss: 1.4839
[1m11/26[0m [32m========[0m[37m============[0m [1m28s[0m 2s/step - accuracy: 0.4545 - loss: 1.4779
[1m12/26[0m [32m=========[0m[37m===========[0m [1m26s[0m 2s/step - accuracy: 0.4531 - loss: 1.4880
[1m13/26[0m [32m==========[0m[37m==========[0m [1m24s[0m 2s/step - accuracy: 0.4615 - loss: 1.4723
[1m14/26[0m [32m==========[0m[37m==========[0m [1m22s[0m 2s/step - accuracy: 0.4621 - loss: 1.4795
[1m15/26[0m [32m===========[0m[37m=========[0m [1m20s[0m 2s/step - accuracy: 0.4708 - loss: 1.4660
[1m16/26[0m [32m============[0m[37m========[0m [1m19s[0m 2s/step - accuracy: 0.4707 - loss: 1.4659
[1m17/26[0m [32m=============[0m[37m=======[0m [1m17s[0m 2s/step - accuracy: 0.4688 - loss: 1.4716
[1m18/26[0m [32m=============[0m[37m=======[0m [1m15s[0m 2s/step - accuracy: 0.4670 - loss: 1.4658
[1m19/26[0m [32m==============[0m[37m======[0m [1m13s[0m 2s/step - accuracy: 0.4671 - loss: 1.4648
[1m20/26[0m [32m===============[0m[37m=====[0m [1m11s[0m 2s/step - accuracy: 0.4641 - loss: 1.4698
[1m21/26[0m [32m================[0m[37m====[0m [1m9s[0m 2s/step - accuracy: 0.4673 - loss: 1.4626 
[1m22/26[0m [32m================[0m[37m====[0m [1m7s[0m 2s/step - accuracy: 0.4659 - loss: 1.4671
[1m23/26[0m [32m=================[0m[37m===[0m [1m5s[0m 2s/step - accuracy: 0.4674 - loss: 1.4656
[1m24/26[0m [32m==================[0m[37m==[0m [1m3s[0m 2s/step - accuracy: 0.4648 - loss: 1.4686
[1m25/26[0m [32m===================[0m[37m=[0m [1m1s[0m 2s/step - accuracy: 0.4625 - loss: 1.4681
[1m26/26[0m [32m====================[0m[37m[0m [1m0s[0m 2s/step - accuracy: 0.4672 - loss: 1.4640
[1m26/26[0m [32m====================[0m[37m[0m [1m64s[0m 2s/step - accuracy: 0.4672 - loss: 1.4640 - val_accuracy: 0.4270 - val_loss: 1.5391 - learning_rate: 1.0000e-04
Epoch 11/15

[1m 1/26[0m [37m====================[0m [1m1:12[0m 3s/step - accuracy: 0.5312 - loss: 1.3003
[1m 2/26[0m [32m=[0m[37m===================[0m [1m1:06[0m 3s/step - accuracy: 0.4688 - loss: 1.3594
[1m 3/26[0m [32m==[0m[37m==================[0m [1m1:03[0m 3s/step - accuracy: 0.4375 - loss: 1.4197
[1m 4/26[0m [32m===[0m[37m=================[0m [1m1:01[0m 3s/step - accuracy: 0.4453 - loss: 1.4278
[1m 5/26[0m [32m===[0m[37m=================[0m [1m58s[0m 3s/step - accuracy: 0.4625 - loss: 1.4269 
[1m 6/26[0m [32m====[0m[37m================[0m [1m55s[0m 3s/step - accuracy: 0.4375 - loss: 1.4632
[1m 7/26[0m [32m=====[0m[37m===============[0m [1m52s[0m 3s/step - accuracy: 0.4554 - loss: 1.4409
[1m 8/26[0m [32m======[0m[37m==============[0m [1m49s[0m 3s/step - accuracy: 0.4609 - loss: 1.4338
[1m 9/26[0m [32m======[0m[37m==============[0m [1m46s[0m 3s/step - accuracy: 0.4688 - loss: 1.4224
[1m10/26[0m [32m=======[0m[37m=============[0m [1m43s[0m 3s/step - accuracy: 0.4781 - loss: 1.4125
[1m11/26[0m [32m========[0m[37m============[0m [1m41s[0m 3s/step - accuracy: 0.4716 - loss: 1.4204
[1m12/26[0m [32m=========[0m[37m===========[0m [1m38s[0m 3s/step - accuracy: 0.4766 - loss: 1.4185
[1m13/26[0m [32m==========[0m[37m==========[0m [1m35s[0m 3s/step - accuracy: 0.4880 - loss: 1.4083
[1m14/26[0m [32m==========[0m[37m==========[0m [1m32s[0m 3s/step - accuracy: 0.4888 - loss: 1.4187
[1m15/26[0m [32m===========[0m[37m=========[0m [1m30s[0m 3s/step - accuracy: 0.4875 - loss: 1.4247
[1m16/26[0m [32m============[0m[37m========[0m [1m27s[0m 3s/step - accuracy: 0.4805 - loss: 1.4363
[1m17/26[0m [32m=============[0m[37m=======[0m [1m24s[0m 3s/step - accuracy: 0.4853 - loss: 1.4353
[1m18/26[0m [32m=============[0m[37m=======[0m [1m21s[0m 3s/step - accuracy: 0.4896 - loss: 1.4341
[1m19/26[0m [32m==============[0m[37m======[0m [1m19s[0m 3s/step - accuracy: 0.4819 - loss: 1.4447
[1m20/26[0m [32m===============[0m[37m=====[0m [1m16s[0m 3s/step - accuracy: 0.4875 - loss: 1.4381
[1m21/26[0m [32m================[0m[37m====[0m [1m13s[0m 3s/step - accuracy: 0.4881 - loss: 1.4346
[1m22/26[0m [32m================[0m[37m====[0m [1m10s[0m 3s/step - accuracy: 0.4915 - loss: 1.4352
[1m23/26[0m [32m=================[0m[37m===[0m [1m7s[0m 3s/step - accuracy: 0.4918 - loss: 1.4297 
[1m24/26[0m [32m==================[0m[37m==[0m [1m5s[0m 3s/step - accuracy: 0.4870 - loss: 1.4338
[1m25/26[0m [32m===================[0m[37m=[0m [1m2s[0m 3s/step - accuracy: 0.4837 - loss: 1.4325
[1m26/26[0m [32m====================[0m[37m[0m [1m0s[0m 3s/step - accuracy: 0.4891 - loss: 1.4297
[1m26/26[0m [32m====================[0m[37m[0m [1m78s[0m 3s/step - accuracy: 0.4891 - loss: 1.4297 - val_accuracy: 0.4213 - val_loss: 1.5188 - learning_rate: 1.0000e-04
Epoch 12/15

[1m 1/26[0m [37m====================[0m [1m54s[0m 2s/step - accuracy: 0.5312 - loss: 1.3880
[1m 2/26[0m [32m=[0m[37m===================[0m [1m47s[0m 2s/step - accuracy: 0.5312 - loss: 1.3742
[1m 3/26[0m [32m==[0m[37m==================[0m [1m45s[0m 2s/step - accuracy: 0.5104 - loss: 1.3870
[1m 4/26[0m [32m===[0m[37m=================[0m [1m43s[0m 2s/step - accuracy: 0.5156 - loss: 1.3830
[1m 5/26[0m [32m===[0m[37m=================[0m [1m41s[0m 2s/step - accuracy: 0.5000 - loss: 1.3834
[1m 6/26[0m [32m====[0m[37m================[0m [1m39s[0m 2s/step - accuracy: 0.4948 - loss: 1.3853
[1m 7/26[0m [32m=====[0m[37m===============[0m [1m37s[0m 2s/step - accuracy: 0.4866 - loss: 1.4159
[1m 8/26[0m [32m======[0m[37m==============[0m [1m35s[0m 2s/step - accuracy: 0.4727 - loss: 1.4260
[1m 9/26[0m [32m======[0m[37m==============[0m [1m33s[0m 2s/step - accuracy: 0.4861 - loss: 1.4200
[1m10/26[0m [32m=======[0m[37m=============[0m [1m31s[0m 2s/step - accuracy: 0.4781 - loss: 1.4078
[1m11/26[0m [32m========[0m[37m============[0m [1m29s[0m 2s/step - accuracy: 0.4716 - loss: 1.4146
[1m12/26[0m [32m=========[0m[37m===========[0m [1m27s[0m 2s/step - accuracy: 0.4714 - loss: 1.4150
[1m13/26[0m [32m==========[0m[37m==========[0m [1m25s[0m 2s/step - accuracy: 0.4639 - loss: 1.4086
[1m14/26[0m [32m==========[0m[37m==========[0m [1m23s[0m 2s/step - accuracy: 0.4621 - loss: 1.4097
[1m15/26[0m [32m===========[0m[37m=========[0m [1m21s[0m 2s/step - accuracy: 0.4500 - loss: 1.4219
[1m16/26[0m [32m============[0m[37m========[0m [1m19s[0m 2s/step - accuracy: 0.4473 - loss: 1.4340
[1m17/26[0m [32m=============[0m[37m=======[0m [1m17s[0m 2s/step - accuracy: 0.4485 - loss: 1.4369
[1m18/26[0m [32m=============[0m[37m=======[0m [1m15s[0m 2s/step - accuracy: 0.4462 - loss: 1.4395
[1m19/26[0m [32m==============[0m[37m======[0m [1m13s[0m 2s/step - accuracy: 0.4490 - loss: 1.4373
[1m20/26[0m [32m===============[0m[37m=====[0m [1m11s[0m 2s/step - accuracy: 0.4547 - loss: 1.4359
[1m21/26[0m [32m================[0m[37m====[0m [1m9s[0m 2s/step - accuracy: 0.4583 - loss: 1.4335 
[1m22/26[0m [32m================[0m[37m====[0m [1m7s[0m 2s/step - accuracy: 0.4574 - loss: 1.4364
[1m23/26[0m [32m=================[0m[37m===[0m [1m5s[0m 2s/step - accuracy: 0.4565 - loss: 1.4372
[1m24/26[0m [32m==================[0m[37m==[0m [1m3s[0m 2s/step - accuracy: 0.4531 - loss: 1.4385
[1m25/26[0m [32m===================[0m[37m=[0m [1m1s[0m 2s/step - accuracy: 0.4600 - loss: 1.4319
[1m26/26[0m [32m====================[0m[37m[0m [1m0s[0m 2s/step - accuracy: 0.4648 - loss: 1.4260
[1m26/26[0m [32m====================[0m[37m[0m [1m60s[0m 2s/step - accuracy: 0.4648 - loss: 1.4260 - val_accuracy: 0.4270 - val_loss: 1.4991 - learning_rate: 1.0000e-04
Epoch 13/15

[1m 1/26[0m [37m====================[0m [1m9:54[0m 24s/step - accuracy: 0.4688 - loss: 1.3690
[1m 2/26[0m [32m=[0m[37m===================[0m [1m45s[0m 2s/step - accuracy: 0.5156 - loss: 1.4180  
[1m 3/26[0m [32m==[0m[37m==================[0m [1m43s[0m 2s/step - accuracy: 0.5104 - loss: 1.4241
[1m 4/26[0m [32m===[0m[37m=================[0m [1m41s[0m 2s/step - accuracy: 0.5156 - loss: 1.4277
[1m 5/26[0m [32m===[0m[37m=================[0m [1m39s[0m 2s/step - accuracy: 0.5125 - loss: 1.4285
[1m 6/26[0m [32m====[0m[37m================[0m [1m37s[0m 2s/step - accuracy: 0.5260 - loss: 1.4183
[1m 7/26[0m [32m=====[0m[37m===============[0m [1m35s[0m 2s/step - accuracy: 0.5134 - loss: 1.4134
[1m 8/26[0m [32m======[0m[37m==============[0m [1m33s[0m 2s/step - accuracy: 0.5039 - loss: 1.4192
[1m 9/26[0m [32m======[0m[37m==============[0m [1m32s[0m 2s/step - accuracy: 0.5104 - loss: 1.4097
[1m10/26[0m [32m=======[0m[37m=============[0m [1m30s[0m 2s/step - accuracy: 0.5094 - loss: 1.3980
[1m11/26[0m [32m========[0m[37m============[0m [1m28s[0m 2s/step - accuracy: 0.5114 - loss: 1.3876
[1m12/26[0m [32m=========[0m[37m===========[0m [1m26s[0m 2s/step - accuracy: 0.5286 - loss: 1.3635
[1m13/26[0m [32m==========[0m[37m==========[0m [1m24s[0m 2s/step - accuracy: 0.5216 - loss: 1.3736
[1m14/26[0m [32m==========[0m[37m==========[0m [1m22s[0m 2s/step - accuracy: 0.5246 - loss: 1.3749
[1m15/26[0m [32m===========[0m[37m=========[0m [1m20s[0m 2s/step - accuracy: 0.5167 - loss: 1.3899
[1m16/26[0m [32m============[0m[37m========[0m [1m19s[0m 2s/step - accuracy: 0.5156 - loss: 1.3920
[1m17/26[0m [32m=============[0m[37m=======[0m [1m17s[0m 2s/step - accuracy: 0.5147 - loss: 1.3923
[1m18/26[0m [32m=============[0m[37m=======[0m [1m15s[0m 2s/step - accuracy: 0.5174 - loss: 1.3873
[1m19/26[0m [32m==============[0m[37m======[0m [1m13s[0m 2s/step - accuracy: 0.5214 - loss: 1.3779
[1m20/26[0m [32m===============[0m[37m=====[0m [1m11s[0m 2s/step - accuracy: 0.5172 - loss: 1.3778
[1m21/26[0m [32m================[0m[37m====[0m [1m9s[0m 2s/step - accuracy: 0.5179 - loss: 1.3750 
[1m22/26[0m [32m================[0m[37m====[0m [1m7s[0m 2s/step - accuracy: 0.5170 - loss: 1.3743
[1m23/26[0m [32m=================[0m[37m===[0m [1m5s[0m 2s/step - accuracy: 0.5190 - loss: 1.3751
[1m24/26[0m [32m==================[0m[37m==[0m [1m3s[0m 2s/step - accuracy: 0.5208 - loss: 1.3685
[1m25/26[0m [32m===================[0m[37m=[0m [1m1s[0m 2s/step - accuracy: 0.5150 - loss: 1.3738
[1m26/26[0m [32m====================[0m[37m[0m [1m0s[0m 2s/step - accuracy: 0.5121 - loss: 1.3753
[1m26/26[0m [32m====================[0m[37m[0m [1m93s[0m 3s/step - accuracy: 0.5121 - loss: 1.3753 - val_accuracy: 0.4382 - val_loss: 1.4815 - learning_rate: 1.0000e-04
Epoch 14/15

[1m 1/26[0m [37m====================[0m [1m5:53[0m 14s/step - accuracy: 0.5312 - loss: 1.3681
[1m 2/26[0m [32m=[0m[37m===================[0m [1m1:17[0m 3s/step - accuracy: 0.5312 - loss: 1.3510 
[1m 3/26[0m [32m==[0m[37m==================[0m [1m1:14[0m 3s/step - accuracy: 0.5312 - loss: 1.3330
[1m 4/26[0m [32m===[0m[37m=================[0m [1m1:11[0m 3s/step - accuracy: 0.5312 - loss: 1.3380
[1m 5/26[0m [32m===[0m[37m=================[0m [1m1:07[0m 3s/step - accuracy: 0.5125 - loss: 1.3484
[1m 6/26[0m [32m====[0m[37m================[0m [1m1:04[0m 3s/step - accuracy: 0.5260 - loss: 1.3631
[1m 7/26[0m [32m=====[0m[37m===============[0m [1m1:01[0m 3s/step - accuracy: 0.5357 - loss: 1.3563
[1m 8/26[0m [32m======[0m[37m==============[0m [1m56s[0m 3s/step - accuracy: 0.5156 - loss: 1.3710 
[1m 9/26[0m [32m======[0m[37m==============[0m [1m52s[0m 3s/step - accuracy: 0.4965 - loss: 1.3970
[1m10/26[0m [32m=======[0m[37m=============[0m [1m48s[0m 3s/step - accuracy: 0.4906 - loss: 1.3897
[1m11/26[0m [32m========[0m[37m============[0m [1m44s[0m 3s/step - accuracy: 0.4943 - loss: 1.3912
[1m12/26[0m [32m=========[0m[37m===========[0m [1m41s[0m 3s/step - accuracy: 0.5000 - loss: 1.3927
[1m13/26[0m [32m==========[0m[37m==========[0m [1m38s[0m 3s/step - accuracy: 0.5168 - loss: 1.3764
[1m14/26[0m [32m==========[0m[37m==========[0m [1m34s[0m 3s/step - accuracy: 0.5134 - loss: 1.3845
[1m15/26[0m [32m===========[0m[37m=========[0m [1m31s[0m 3s/step - accuracy: 0.5229 - loss: 1.3719
[1m16/26[0m [32m============[0m[37m========[0m [1m28s[0m 3s/step - accuracy: 0.5176 - loss: 1.3805
[1m17/26[0m [32m=============[0m[37m=======[0m [1m24s[0m 3s/step - accuracy: 0.5184 - loss: 1.3802
[1m18/26[0m [32m=============[0m[37m=======[0m [1m21s[0m 3s/step - accuracy: 0.5191 - loss: 1.3747
[1m19/26[0m [32m==============[0m[37m======[0m [1m18s[0m 3s/step - accuracy: 0.5230 - loss: 1.3684
[1m20/26[0m [32m===============[0m[37m=====[0m [1m15s[0m 3s/step - accuracy: 0.5250 - loss: 1.3656
[1m21/26[0m [32m================[0m[37m====[0m [1m13s[0m 3s/step - accuracy: 0.5208 - loss: 1.3686
[1m22/26[0m [32m================[0m[37m====[0m [1m10s[0m 3s/step - accuracy: 0.5241 - loss: 1.3664
[1m23/26[0m [32m=================[0m[37m===[0m [1m7s[0m 3s/step - accuracy: 0.5285 - loss: 1.3591 
[1m24/26[0m [32m==================[0m[37m==[0m [1m5s[0m 3s/step - accuracy: 0.5221 - loss: 1.3674
[1m25/26[0m [32m===================[0m[37m=[0m [1m2s[0m 3s/step - accuracy: 0.5188 - loss: 1.3703
[1m26/26[0m [32m====================[0m[37m[0m [1m0s[0m 2s/step - accuracy: 0.5218 - loss: 1.3692
[1m26/26[0m [32m====================[0m[37m[0m [1m89s[0m 3s/step - accuracy: 0.5218 - loss: 1.3692 - val_accuracy: 0.4551 - val_loss: 1.4642 - learning_rate: 1.0000e-04
Epoch 15/15

[1m 1/26[0m [37m====================[0m [1m59s[0m 2s/step - accuracy: 0.4375 - loss: 1.5472
[1m 2/26[0m [32m=[0m[37m===================[0m [1m52s[0m 2s/step - accuracy: 0.5156 - loss: 1.3584
[1m 3/26[0m [32m==[0m[37m==================[0m [1m49s[0m 2s/step - accuracy: 0.5417 - loss: 1.3430
[1m 4/26[0m [32m===[0m[37m=================[0m [1m47s[0m 2s/step - accuracy: 0.5234 - loss: 1.3478
[1m 5/26[0m [32m===[0m[37m=================[0m [1m44s[0m 2s/step - accuracy: 0.5375 - loss: 1.3548
[1m 6/26[0m [32m====[0m[37m================[0m [1m41s[0m 2s/step - accuracy: 0.5365 - loss: 1.3529
[1m 7/26[0m [32m=====[0m[37m===============[0m [1m39s[0m 2s/step - accuracy: 0.5446 - loss: 1.3356
[1m 8/26[0m [32m======[0m[37m==============[0m [1m37s[0m 2s/step - accuracy: 0.5391 - loss: 1.3390
[1m 9/26[0m [32m======[0m[37m==============[0m [1m35s[0m 2s/step - accuracy: 0.5312 - loss: 1.3522
[1m10/26[0m [32m=======[0m[37m=============[0m [1m32s[0m 2s/step - accuracy: 0.5344 - loss: 1.3473
[1m11/26[0m [32m========[0m[37m============[0m [1m30s[0m 2s/step - accuracy: 0.5284 - loss: 1.3571
[1m12/26[0m [32m=========[0m[37m===========[0m [1m28s[0m 2s/step - accuracy: 0.5339 - loss: 1.3444
[1m13/26[0m [32m==========[0m[37m==========[0m [1m26s[0m 2s/step - accuracy: 0.5337 - loss: 1.3445
[1m14/26[0m [32m==========[0m[37m==========[0m [1m24s[0m 2s/step - accuracy: 0.5402 - loss: 1.3499
[1m15/26[0m [32m===========[0m[37m=========[0m [1m22s[0m 2s/step - accuracy: 0.5458 - loss: 1.3396
[1m16/26[0m [32m============[0m[37m========[0m [1m20s[0m 2s/step - accuracy: 0.5430 - loss: 1.3337
[1m17/26[0m [32m=============[0m[37m=======[0m [1m18s[0m 2s/step - accuracy: 0.5423 - loss: 1.3389
[1m18/26[0m [32m=============[0m[37m=======[0m [1m16s[0m 2s/step - accuracy: 0.5399 - loss: 1.3447
[1m19/26[0m [32m==============[0m[37m======[0m [1m14s[0m 2s/step - accuracy: 0.5411 - loss: 1.3458
[1m20/26[0m [32m===============[0m[37m=====[0m [1m12s[0m 2s/step - accuracy: 0.5406 - loss: 1.3485
[1m21/26[0m [32m================[0m[37m====[0m [1m10s[0m 2s/step - accuracy: 0.5402 - loss: 1.3527
[1m22/26[0m [32m================[0m[37m====[0m [1m8s[0m 2s/step - accuracy: 0.5398 - loss: 1.3573 
[1m23/26[0m [32m=================[0m[37m===[0m [1m5s[0m 2s/step - accuracy: 0.5421 - loss: 1.3514
[1m24/26[0m [32m==================[0m[37m==[0m [1m3s[0m 2s/step - accuracy: 0.5430 - loss: 1.3524
[1m25/26[0m [32m===================[0m[37m=[0m [1m1s[0m 2s/step - accuracy: 0.5462 - loss: 1.3442
[1m26/26[0m [32m====================[0m[37m[0m [1m0s[0m 2s/step - accuracy: 0.5461 - loss: 1.3442
[1m26/26[0m [32m====================[0m[37m[0m [1m62s[0m 2s/step - accuracy: 0.5461 - loss: 1.3442 - val_accuracy: 0.4607 - val_loss: 1.4487 - learning_rate: 1.0000e-04

--- Phase B: fine-tuning last 30 layers of EfficientNet-B3 ---
Epoch 16/50

[1m 1/26[0m [37m====================[0m [1m5:21[0m 13s/step - accuracy: 0.3125 - loss: 1.5751
[1m 2/26[0m [32m=[0m[37m===================[0m [1m1:05[0m 3s/step - accuracy: 0.2969 - loss: 1.6047 
[1m 3/26[0m [32m==[0m[37m==================[0m [1m59s[0m 3s/step - accuracy: 0.3438 - loss: 1.5717 
[1m 4/26[0m [32m===[0m[37m=================[0m [1m56s[0m 3s/step - accuracy: 0.3594 - loss: 1.5867
[1m 5/26[0m [32m===[0m[37m=================[0m [1m53s[0m 3s/step - accuracy: 0.3625 - loss: 1.5641
[1m 6/26[0m [32m====[0m[37m================[0m [1m50s[0m 3s/step - accuracy: 0.3750 - loss: 1.5570
[1m 7/26[0m [32m=====[0m[37m===============[0m [1m47s[0m 3s/step - accuracy: 0.3929 - loss: 1.5450
[1m 8/26[0m [32m======[0m[37m==============[0m [1m44s[0m 2s/step - accuracy: 0.4023 - loss: 1.5397
[1m 9/26[0m [32m======[0m[37m==============[0m [1m42s[0m 2s/step - accuracy: 0.4236 - loss: 1.5213
[1m10/26[0m [32m=======[0m[37m=============[0m [1m39s[0m 2s/step - accuracy: 0.4406 - loss: 1.5226
[1m11/26[0m [32m========[0m[37m============[0m [1m37s[0m 2s/step - accuracy: 0.4489 - loss: 1.5231
[1m12/26[0m [32m=========[0m[37m===========[0m [1m34s[0m 2s/step - accuracy: 0.4531 - loss: 1.5231
[1m13/26[0m [32m==========[0m[37m==========[0m [1m32s[0m 2s/step - accuracy: 0.4519 - loss: 1.5145
[1m14/26[0m [32m==========[0m[37m==========[0m [1m29s[0m 2s/step - accuracy: 0.4531 - loss: 1.5203
[1m15/26[0m [32m===========[0m[37m=========[0m [1m27s[0m 2s/step - accuracy: 0.4563 - loss: 1.5096
[1m16/26[0m [32m============[0m[37m========[0m [1m24s[0m 2s/step - accuracy: 0.4492 - loss: 1.5177
[1m17/26[0m [32m=============[0m[37m=======[0m [1m22s[0m 2s/step - accuracy: 0.4522 - loss: 1.5125
[1m18/26[0m [32m=============[0m[37m=======[0m [1m19s[0m 2s/step - accuracy: 0.4462 - loss: 1.5193
[1m19/26[0m [32m==============[0m[37m======[0m [1m17s[0m 2s/step - accuracy: 0.4523 - loss: 1.5107
[1m20/26[0m [32m===============[0m[37m=====[0m [1m14s[0m 2s/step - accuracy: 0.4453 - loss: 1.5131
[1m21/26[0m [32m================[0m[37m====[0m [1m12s[0m 2s/step - accuracy: 0.4405 - loss: 1.5175
[1m22/26[0m [32m================[0m[37m====[0m [1m9s[0m 2s/step - accuracy: 0.4375 - loss: 1.5188 
[1m23/26[0m [32m=================[0m[37m===[0m [1m7s[0m 2s/step - accuracy: 0.4375 - loss: 1.5208
[1m24/26[0m [32m==================[0m[37m==[0m [1m4s[0m 2s/step - accuracy: 0.4440 - loss: 1.5129
[1m25/26[0m [32m===================[0m[37m=[0m [1m2s[0m 2s/step - accuracy: 0.4462 - loss: 1.5094
[1m26/26[0m [32m====================[0m[37m[0m [1m0s[0m 2s/step - accuracy: 0.4454 - loss: 1.5063
[1m26/26[0m [32m====================[0m[37m[0m [1m87s[0m 3s/step - accuracy: 0.4454 - loss: 1.5063 - val_accuracy: 0.4775 - val_loss: 1.4588 - learning_rate: 1.0000e-05
Epoch 17/50

[1m 1/26[0m [37m====================[0m [1m3:00[0m 7s/step - accuracy: 0.3750 - loss: 1.4813
[1m 2/26[0m [32m=[0m[37m===================[0m [1m56s[0m 2s/step - accuracy: 0.3438 - loss: 1.5645 
[1m 3/26[0m [32m==[0m[37m==================[0m [1m57s[0m 2s/step - accuracy: 0.3958 - loss: 1.5119
[1m 4/26[0m [32m===[0m[37m=================[0m [1m54s[0m 2s/step - accuracy: 0.4375 - loss: 1.4616
[1m 5/26[0m [32m===[0m[37m=================[0m [1m52s[0m 2s/step - accuracy: 0.4500 - loss: 1.4497
[1m 6/26[0m [32m====[0m[37m================[0m [1m49s[0m 2s/step - accuracy: 0.4688 - loss: 1.4182
[1m 7/26[0m [32m=====[0m[37m===============[0m [1m46s[0m 2s/step - accuracy: 0.4554 - loss: 1.4509
[1m 8/26[0m [32m======[0m[37m==============[0m [1m44s[0m 2s/step - accuracy: 0.4531 - loss: 1.4520
[1m 9/26[0m [32m======[0m[37m==============[0m [1m41s[0m 2s/step - accuracy: 0.4410 - loss: 1.4684
[1m10/26[0m [32m=======[0m[37m=============[0m [1m39s[0m 2s/step - accuracy: 0.4437 - loss: 1.4671
[1m11/26[0m [32m========[0m[37m============[0m [1m36s[0m 2s/step - accuracy: 0.4489 - loss: 1.4716
[1m12/26[0m [32m=========[0m[37m===========[0m [1m34s[0m 2s/step - accuracy: 0.4531 - loss: 1.4721
[1m13/26[0m [32m==========[0m[37m==========[0m [1m32s[0m 2s/step - accuracy: 0.4543 - loss: 1.4757
[1m14/26[0m [32m==========[0m[37m==========[0m [1m29s[0m 2s/step - accuracy: 0.4442 - loss: 1.4856
[1m15/26[0m [32m===========[0m[37m=========[0m [1m27s[0m 2s/step - accuracy: 0.4500 - loss: 1.4808
[1m16/26[0m [32m============[0m[37m========[0m [1m24s[0m 2s/step - accuracy: 0.4570 - loss: 1.4771
[1m17/26[0m [32m=============[0m[37m=======[0m [1m22s[0m 3s/step - accuracy: 0.4596 - loss: 1.4756
[1m18/26[0m [32m=============[0m[37m=======[0m [1m20s[0m 3s/step - accuracy: 0.4566 - loss: 1.4798
[1m19/26[0m [32m==============[0m[37m======[0m [1m17s[0m 3s/step - accuracy: 0.4539 - loss: 1.4777
[1m20/26[0m [32m===============[0m[37m=====[0m [1m15s[0m 3s/step - accuracy: 0.4516 - loss: 1.4797
[1m21/26[0m [32m================[0m[37m====[0m [1m12s[0m 3s/step - accuracy: 0.4524 - loss: 1.4794
[1m22/26[0m [32m================[0m[37m====[0m [1m10s[0m 3s/step - accuracy: 0.4545 - loss: 1.4788
[1m23/26[0m [32m=================[0m[37m===[0m [1m7s[0m 3s/step - accuracy: 0.4552 - loss: 1.4824 
[1m24/26[0m [32m==================[0m[37m==[0m [1m5s[0m 3s/step - accuracy: 0.4505 - loss: 1.4834
[1m25/26[0m [32m===================[0m[37m=[0m [1m2s[0m 3s/step - accuracy: 0.4512 - loss: 1.4839
[1m26/26[0m [32m====================[0m[37m[0m [1m0s[0m 2s/step - accuracy: 0.4515 - loss: 1.4797
[1m26/26[0m [32m====================[0m[37m[0m [1m80s[0m 3s/step - accuracy: 0.4515 - loss: 1.4797 - val_accuracy: 0.4719 - val_loss: 1.4654 - learning_rate: 1.0000e-05
Epoch 18/50

[1m 1/26[0m [37m====================[0m [1m1:06[0m 3s/step - accuracy: 0.5000 - loss: 1.3571
[1m 2/26[0m [32m=[0m[37m===================[0m [1m1:00[0m 3s/step - accuracy: 0.4844 - loss: 1.3955
[1m 3/26[0m [32m==[0m[37m==================[0m [1m57s[0m 3s/step - accuracy: 0.4896 - loss: 1.4077 
[1m 4/26[0m [32m===[0m[37m=================[0m [1m55s[0m 3s/step - accuracy: 0.4688 - loss: 1.4555
[1m 5/26[0m [32m===[0m[37m=================[0m [1m52s[0m 3s/step - accuracy: 0.4563 - loss: 1.4577
[1m 6/26[0m [32m====[0m[37m================[0m [1m49s[0m 2s/step - accuracy: 0.4531 - loss: 1.4654
[1m 7/26[0m [32m=====[0m[37m===============[0m [1m47s[0m 2s/step - accuracy: 0.4866 - loss: 1.4482
[1m 8/26[0m [32m======[0m[37m==============[0m [1m44s[0m 2s/step - accuracy: 0.4922 - loss: 1.4443
[1m 9/26[0m [32m======[0m[37m==============[0m [1m42s[0m 2s/step - accuracy: 0.4861 - loss: 1.4519
[1m10/26[0m [32m=======[0m[37m=============[0m [1m39s[0m 2s/step - accuracy: 0.4875 - loss: 1.4573
[1m11/26[0m [32m========[0m[37m============[0m [1m37s[0m 2s/step - accuracy: 0.4972 - loss: 1.4490
[1m12/26[0m [32m=========[0m[37m===========[0m [1m34s[0m 2s/step - accuracy: 0.4974 - loss: 1.4432
[1m13/26[0m [32m==========[0m[37m==========[0m [1m32s[0m 2s/step - accuracy: 0.5000 - loss: 1.4355
[1m14/26[0m [32m==========[0m[37m==========[0m [1m29s[0m 2s/step - accuracy: 0.5112 - loss: 1.4237
[1m15/26[0m [32m===========[0m[37m=========[0m [1m27s[0m 2s/step - accuracy: 0.5063 - loss: 1.4256
[1m16/26[0m [32m============[0m[37m========[0m [1m24s[0m 2s/step - accuracy: 0.5117 - loss: 1.4220
[1m17/26[0m [32m=============[0m[37m=======[0m [1m22s[0m 2s/step - accuracy: 0.5129 - loss: 1.4227
[1m18/26[0m [32m=============[0m[37m=======[0m [1m19s[0m 2s/step - accuracy: 0.5069 - loss: 1.4284
[1m19/26[0m [32m==============[0m[37m======[0m [1m17s[0m 2s/step - accuracy: 0.4918 - loss: 1.4360
[1m20/26[0m [32m===============[0m[37m=====[0m [1m14s[0m 2s/step - accuracy: 0.4953 - loss: 1.4336
[1m21/26[0m [32m================[0m[37m====[0m [1m12s[0m 2s/step - accuracy: 0.4926 - loss: 1.4361
[1m22/26[0m [32m================[0m[37m====[0m [1m9s[0m 2s/step - accuracy: 0.4915 - loss: 1.4374 
[1m23/26[0m [32m=================[0m[37m===[0m [1m7s[0m 2s/step - accuracy: 0.4959 - loss: 1.4296
[1m24/26[0m [32m==================[0m[37m==[0m [1m5s[0m 3s/step - accuracy: 0.4909 - loss: 1.4334
[1m25/26[0m [32m===================[0m[37m=[0m [1m2s[0m 3s/step - accuracy: 0.4938 - loss: 1.4295
[1m26/26[0m [32m====================[0m[37m[0m [1m0s[0m 2s/step - accuracy: 0.4927 - loss: 1.4279
[1m26/26[0m [32m====================[0m[37m[0m [1m75s[0m 3s/step - accuracy: 0.4927 - loss: 1.4279 - val_accuracy: 0.4663 - val_loss: 1.4684 - learning_rate: 1.0000e-05
Epoch 19/50

[1m 1/26[0m [37m====================[0m [1m1:06[0m 3s/step - accuracy: 0.5312 - loss: 1.3909
[1m 2/26[0m [32m=[0m[37m===================[0m [1m1:01[0m 3s/step - accuracy: 0.4531 - loss: 1.4575
[1m 3/26[0m [32m==[0m[37m==================[0m [1m58s[0m 3s/step - accuracy: 0.5208 - loss: 1.3905 
[1m 4/26[0m [32m===[0m[37m=================[0m [1m56s[0m 3s/step - accuracy: 0.5078 - loss: 1.3878
[1m 5/26[0m [32m===[0m[37m=================[0m [1m53s[0m 3s/step - accuracy: 0.5000 - loss: 1.3830
[1m 6/26[0m [32m====[0m[37m================[0m [1m50s[0m 3s/step - accuracy: 0.5000 - loss: 1.3998
[1m 7/26[0m [32m=====[0m[37m===============[0m [1m48s[0m 3s/step - accuracy: 0.5179 - loss: 1.3867
[1m 8/26[0m [32m======[0m[37m==============[0m [1m45s[0m 3s/step - accuracy: 0.5078 - loss: 1.3967
[1m 9/26[0m [32m======[0m[37m==============[0m [1m42s[0m 3s/step - accuracy: 0.5000 - loss: 1.4095
[1m10/26[0m [32m=======[0m[37m=============[0m [1m40s[0m 3s/step - accuracy: 0.4844 - loss: 1.4279
[1m11/26[0m [32m========[0m[37m============[0m [1m37s[0m 3s/step - accuracy: 0.4886 - loss: 1.4180
[1m12/26[0m [32m=========[0m[37m===========[0m [1m34s[0m 2s/step - accuracy: 0.4948 - loss: 1.4064
[1m13/26[0m [32m==========[0m[37m==========[0m [1m32s[0m 3s/step - accuracy: 0.4952 - loss: 1.4043
[1m14/26[0m [32m==========[0m[37m==========[0m [1m29s[0m 2s/step - accuracy: 0.4978 - loss: 1.4088
[1m15/26[0m [32m===========[0m[37m=========[0m [1m27s[0m 2s/step - accuracy: 0.5063 - loss: 1.4031
[1m16/26[0m [32m============[0m[37m========[0m [1m24s[0m 2s/step - accuracy: 0.5078 - loss: 1.4036
[1m17/26[0m [32m=============[0m[37m=======[0m [1m22s[0m 2s/step - accuracy: 0.4982 - loss: 1.4103
[1m18/26[0m [32m=============[0m[37m=======[0m [1m19s[0m 2s/step - accuracy: 0.5035 - loss: 1.4134
[1m19/26[0m [32m==============[0m[37m======[0m [1m17s[0m 2s/step - accuracy: 0.5082 - loss: 1.4076
[1m20/26[0m [32m===============[0m[37m=====[0m [1m14s[0m 2s/step - accuracy: 0.5078 - loss: 1.4012
[1m21/26[0m [32m================[0m[37m====[0m [1m12s[0m 2s/step - accuracy: 0.5089 - loss: 1.4004
[1m22/26[0m [32m================[0m[37m====[0m [1m9s[0m 2s/step - accuracy: 0.5128 - loss: 1.3983 
[1m23/26[0m [32m=================[0m[37m===[0m [1m7s[0m 2s/step - accuracy: 0.5122 - loss: 1.3983
[1m24/26[0m [32m==================[0m[37m==[0m [1m4s[0m 2s/step - accuracy: 0.5156 - loss: 1.3986
[1m25/26[0m [32m===================[0m[37m=[0m [1m2s[0m 2s/step - accuracy: 0.5113 - loss: 1.4054
[1m26/26[0m [32m====================[0m[37m[0m [1m0s[0m 2s/step - accuracy: 0.5121 - loss: 1.4038
Epoch 19: ReduceLROnPlateau reducing learning rate to 4.999999873689376e-06.

[1m26/26[0m [32m====================[0m[37m[0m [1m75s[0m 3s/step - accuracy: 0.5121 - loss: 1.4038 - val_accuracy: 0.4607 - val_loss: 1.4678 - learning_rate: 1.0000e-05
Epoch 20/50

[1m 1/26[0m [37m====================[0m [1m1:08[0m 3s/step - accuracy: 0.5938 - loss: 1.4448
[1m 2/26[0m [32m=[0m[37m===================[0m [1m1:01[0m 3s/step - accuracy: 0.5938 - loss: 1.4004
[1m 3/26[0m [32m==[0m[37m==================[0m [1m58s[0m 3s/step - accuracy: 0.5625 - loss: 1.3768 
[1m 4/26[0m [32m===[0m[37m=================[0m [1m55s[0m 3s/step - accuracy: 0.5625 - loss: 1.3618
[1m 5/26[0m [32m===[0m[37m=================[0m [1m53s[0m 3s/step - accuracy: 0.5500 - loss: 1.3616
[1m 6/26[0m [32m====[0m[37m================[0m [1m51s[0m 3s/step - accuracy: 0.5521 - loss: 1.3730
[1m 7/26[0m [32m=====[0m[37m===============[0m [1m48s[0m 3s/step - accuracy: 0.5625 - loss: 1.3575
[1m 8/26[0m [32m======[0m[37m==============[0m [1m45s[0m 3s/step - accuracy: 0.5586 - loss: 1.3627
[1m 9/26[0m [32m======[0m[37m==============[0m [1m43s[0m 3s/step - accuracy: 0.5694 - loss: 1.3617
[1m10/26[0m [32m=======[0m[37m=============[0m [1m40s[0m 3s/step - accuracy: 0.5531 - loss: 1.3668
[1m11/26[0m [32m========[0m[37m============[0m [1m37s[0m 3s/step - accuracy: 0.5511 - loss: 1.3705
[1m12/26[0m [32m=========[0m[37m===========[0m [1m35s[0m 3s/step - accuracy: 0.5469 - loss: 1.3767
[1m13/26[0m [32m==========[0m[37m==========[0m [1m32s[0m 3s/step - accuracy: 0.5481 - loss: 1.3807
[1m14/26[0m [32m==========[0m[37m==========[0m [1m30s[0m 3s/step - accuracy: 0.5536 - loss: 1.3686
[1m15/26[0m [32m===========[0m[37m=========[0m [1m27s[0m 3s/step - accuracy: 0.5604 - loss: 1.3627
[1m16/26[0m [32m============[0m[37m========[0m [1m25s[0m 3s/step - accuracy: 0.5566 - loss: 1.3665
[1m17/26[0m [32m=============[0m[37m=======[0m [1m22s[0m 3s/step - accuracy: 0.5625 - loss: 1.3632
[1m18/26[0m [32m=============[0m[37m=======[0m [1m20s[0m 3s/step - accuracy: 0.5608 - loss: 1.3694
[1m19/26[0m [32m==============[0m[37m======[0m [1m17s[0m 3s/step - accuracy: 0.5543 - loss: 1.3747
[1m20/26[0m [32m===============[0m[37m=====[0m [1m15s[0m 3s/step - accuracy: 0.5500 - loss: 1.3816
[1m21/26[0m [32m================[0m[37m====[0m [1m12s[0m 3s/step - accuracy: 0.5521 - loss: 1.3854
[1m22/26[0m [32m================[0m[37m====[0m [1m10s[0m 3s/step - accuracy: 0.5455 - loss: 1.3938
[1m23/26[0m [32m=================[0m[37m===[0m [1m7s[0m 3s/step - accuracy: 0.5516 - loss: 1.3880 
[1m24/26[0m [32m==================[0m[37m==[0m [1m5s[0m 3s/step - accuracy: 0.5547 - loss: 1.3840
[1m25/26[0m [32m===================[0m[37m=[0m [1m2s[0m 3s/step - accuracy: 0.5512 - loss: 1.3858
[1m26/26[0m [32m====================[0m[37m[0m [1m0s[0m 2s/step - accuracy: 0.5498 - loss: 1.3858
[1m26/26[0m [32m====================[0m[37m[0m [1m75s[0m 3s/step - accuracy: 0.5498 - loss: 1.3858 - val_accuracy: 0.4551 - val_loss: 1.4737 - learning_rate: 5.0000e-06
Epoch 21/50

[1m 1/26[0m [37m====================[0m [1m1:07[0m 3s/step - accuracy: 0.4375 - loss: 1.4584
[1m 2/26[0m [32m=[0m[37m===================[0m [1m1:03[0m 3s/step - accuracy: 0.5312 - loss: 1.3035
[1m 3/26[0m [32m==[0m[37m==================[0m [1m59s[0m 3s/step - accuracy: 0.5312 - loss: 1.3024 
[1m 4/26[0m [32m===[0m[37m=================[0m [1m56s[0m 3s/step - accuracy: 0.5312 - loss: 1.3253
[1m 5/26[0m [32m===[0m[37m=================[0m [1m54s[0m 3s/step - accuracy: 0.5375 - loss: 1.3284
[1m 6/26[0m [32m====[0m[37m================[0m [1m51s[0m 3s/step - accuracy: 0.5573 - loss: 1.3152
[1m 7/26[0m [32m=====[0m[37m===============[0m [1m48s[0m 3s/step - accuracy: 0.5759 - loss: 1.3026
[1m 8/26[0m [32m======[0m[37m==============[0m [1m46s[0m 3s/step - accuracy: 0.5625 - loss: 1.3076
[1m 9/26[0m [32m======[0m[37m==============[0m [1m43s[0m 3s/step - accuracy: 0.5521 - loss: 1.3221
[1m10/26[0m [32m=======[0m[37m=============[0m [1m40s[0m 3s/step - accuracy: 0.5562 - loss: 1.3194
[1m11/26[0m [32m========[0m[37m============[0m [1m38s[0m 3s/step - accuracy: 0.5398 - loss: 1.3371
[1m12/26[0m [32m=========[0m[37m===========[0m [1m35s[0m 3s/step - accuracy: 0.5312 - loss: 1.3397
[1m13/26[0m [32m==========[0m[37m==========[0m [1m32s[0m 3s/step - accuracy: 0.5240 - loss: 1.3538
[1m14/26[0m [32m==========[0m[37m==========[0m [1m30s[0m 3s/step - accuracy: 0.5268 - loss: 1.3549
[1m15/26[0m [32m===========[0m[37m=========[0m [1m27s[0m 3s/step - accuracy: 0.5208 - loss: 1.3586
[1m16/26[0m [32m============[0m[37m========[0m [1m25s[0m 3s/step - accuracy: 0.5059 - loss: 1.3740
[1m17/26[0m [32m=============[0m[37m=======[0m [1m22s[0m 3s/step - accuracy: 0.5110 - loss: 1.3716
[1m18/26[0m [32m=============[0m[37m=======[0m [1m20s[0m 3s/step - accuracy: 0.5122 - loss: 1.3714
[1m19/26[0m [32m==============[0m[37m======[0m [1m17s[0m 3s/step - accuracy: 0.5115 - loss: 1.3729
[1m20/26[0m [32m===============[0m[37m=====[0m [1m15s[0m 3s/step - accuracy: 0.5156 - loss: 1.3705
[1m21/26[0m [32m================[0m[37m====[0m [1m12s[0m 3s/step - accuracy: 0.5119 - loss: 1.3728
[1m22/26[0m [32m================[0m[37m====[0m [1m10s[0m 3s/step - accuracy: 0.5057 - loss: 1.3751
[1m23/26[0m [32m=================[0m[37m===[0m [1m7s[0m 3s/step - accuracy: 0.5054 - loss: 1.3776 
[1m24/26[0m [32m==================[0m[37m==[0m [1m5s[0m 3s/step - accuracy: 0.5013 - loss: 1.3838
[1m25/26[0m [32m===================[0m[37m=[0m [1m2s[0m 3s/step - accuracy: 0.5050 - loss: 1.3808
[1m26/26[0m [32m====================[0m[37m[0m [1m0s[0m 2s/step - accuracy: 0.5049 - loss: 1.3828
[1m26/26[0m [32m====================[0m[37m[0m [1m76s[0m 3s/step - accuracy: 0.5049 - loss: 1.3828 - val_accuracy: 0.4438 - val_loss: 1.4762 - learning_rate: 5.0000e-06
Epoch 22/50

[1m 1/26[0m [37m====================[0m [1m1:08[0m 3s/step - accuracy: 0.4062 - loss: 1.5583
[1m 2/26[0m [32m=[0m[37m===================[0m [1m1:01[0m 3s/step - accuracy: 0.4688 - loss: 1.4147
[1m 3/26[0m [32m==[0m[37m==================[0m [1m59s[0m 3s/step - accuracy: 0.4583 - loss: 1.3999 
[1m 4/26[0m [32m===[0m[37m=================[0m [1m56s[0m 3s/step - accuracy: 0.5078 - loss: 1.3446
[1m 5/26[0m [32m===[0m[37m=================[0m [1m54s[0m 3s/step - accuracy: 0.5813 - loss: 1.3108
[1m 6/26[0m [32m====[0m[37m================[0m [1m51s[0m 3s/step - accuracy: 0.5469 - loss: 1.3374
[1m 7/26[0m [32m=====[0m[37m===============[0m [1m49s[0m 3s/step - accuracy: 0.5446 - loss: 1.3565
[1m 8/26[0m [32m======[0m[37m==============[0m [1m46s[0m 3s/step - accuracy: 0.5352 - loss: 1.3681
[1m 9/26[0m [32m======[0m[37m==============[0m [1m43s[0m 3s/step - accuracy: 0.5486 - loss: 1.3680
[1m10/26[0m [32m=======[0m[37m=============[0m [1m41s[0m 3s/step - accuracy: 0.5469 - loss: 1.3602
[1m11/26[0m [32m========[0m[37m============[0m [1m38s[0m 3s/step - accuracy: 0.5227 - loss: 1.3799
[1m12/26[0m [32m=========[0m[37m===========[0m [1m35s[0m 3s/step - accuracy: 0.5312 - loss: 1.3712
[1m13/26[0m [32m==========[0m[37m==========[0m [1m33s[0m 3s/step - accuracy: 0.5312 - loss: 1.3740
[1m14/26[0m [32m==========[0m[37m==========[0m [1m30s[0m 3s/step - accuracy: 0.5335 - loss: 1.3758
[1m15/26[0m [32m===========[0m[37m=========[0m [1m28s[0m 3s/step - accuracy: 0.5333 - loss: 1.3801
[1m16/26[0m [32m============[0m[37m========[0m [1m25s[0m 3s/step - accuracy: 0.5410 - loss: 1.3753
[1m17/26[0m [32m=============[0m[37m=======[0m [1m22s[0m 3s/step - accuracy: 0.5423 - loss: 1.3694
[1m18/26[0m [32m=============[0m[37m=======[0m [1m20s[0m 3s/step - accuracy: 0.5365 - loss: 1.3711
[1m19/26[0m [32m==============[0m[37m======[0m [1m17s[0m 3s/step - accuracy: 0.5296 - loss: 1.3687
[1m20/26[0m [32m===============[0m[37m=====[0m [1m15s[0m 3s/step - accuracy: 0.5312 - loss: 1.3677
[1m21/26[0m [32m================[0m[37m====[0m [1m12s[0m 3s/step - accuracy: 0.5298 - loss: 1.3686
[1m22/26[0m [32m================[0m[37m====[0m [1m10s[0m 3s/step - accuracy: 0.5270 - loss: 1.3730
[1m23/26[0m [32m=================[0m[37m===[0m [1m7s[0m 3s/step - accuracy: 0.5367 - loss: 1.3648 
[1m24/26[0m [32m==================[0m[37m==[0m [1m5s[0m 3s/step - accuracy: 0.5391 - loss: 1.3613
[1m25/26[0m [32m===================[0m[37m=[0m [1m2s[0m 3s/step - accuracy: 0.5350 - loss: 1.3613
[1m26/26[0m [32m====================[0m[37m[0m [1m0s[0m 3s/step - accuracy: 0.5303 - loss: 1.3636
Epoch 22: ReduceLROnPlateau reducing learning rate to 2.499999936844688e-06.

[1m26/26[0m [32m====================[0m[37m[0m [1m76s[0m 3s/step - accuracy: 0.5303 - loss: 1.3636 - val_accuracy: 0.4438 - val_loss: 1.4764 - learning_rate: 5.0000e-06

Training history saved to: C:\Users\SASANDINIE\OneDrive\Desktop\WeddingLens\ml-service\models\training_history.csv
Training curves saved to: C:\Users\SASANDINIE\OneDrive\Desktop\WeddingLens\ml-service\models\training_curves.png

======================================================================
Best epoch (lowest val_loss): 14  |  val_accuracy: 0.4607
Best model saved to: C:\Users\SASANDINIE\OneDrive\Desktop\WeddingLens\ml-service\models\weddinglens_effnetb3.keras
======================================================================
